<!DOCTYPE html>
<html lang="en">
<head>
  <meta charset="UTF-8">
  <meta name="viewport" content="width=device-width, initial-scale=1.0">
  <meta http-equiv="X-UA-Compatible" content="ie=edge">
  <link rel="stylesheet" href="my-site-index_files/assets-css-main.css" />
  <title>Simple Site</title>
</head>
<body>
  <div>
    Hello, this is a stupid cat
    <img src="my-site-index_files/assets-images-cat.jpg" alt="stupid cat" />
  </div>
  <script src="my-site-index_files/assets-js-main.js"></script>
</body>
</html>
